[mmistakes.github.io/minimal-mistakes/index.html]
[backblue.gif]
[fade.gif]
[index.html]
[mmistakes.github.io/minimal-mistakes/assets/images/mm-home-page-feature.jpg]
[mmistakes.github.io/minimal-mistakes/feed.xml]
[mmistakes.github.io/minimal-mistakes/assets/css/main.css]
[cdn.jsdelivr.net/npm/@fortawesome/fontawesome-free@5/css/all.min.css]
[mmistakes.github.io/minimal-mistakes/assets/images/mm-customizable-feature.png]
[mmistakes.github.io/minimal-mistakes/assets/images/mm-responsive-feature.png]
[mmistakes.github.io/minimal-mistakes/assets/images/mm-free-feature.png]
[pagead2.googlesyndication.com/pagead/js/f.txt]
[mmistakes.github.io/minimal-mistakes/about/index.html]
[mmistakes.github.io/minimal-mistakes/docs/quick-start-guide/index.html]
[mmistakes.github.io/minimal-mistakes/year-archive/index.html]
[mmistakes.github.io/minimal-mistakes/collection-archive/index.html]
[mmistakes.github.io/minimal-mistakes/terms/index.html]
[mmistakes.github.io/minimal-mistakes/docs/configuration/index.html]
[mmistakes.github.io/minimal-mistakes/docs/layouts/index.html]
[mmistakes.github.io/minimal-mistakes/assets/js/main.min.js]
[cdn.jsdelivr.net/npm/instantsearch.js@2.3.3/dist/instantsearch.min.css]
[mmistakes.github.io/minimal-mistakes/docs/license/index.html]
[cdn.jsdelivr.net/npm/instantsearch.js@2.3.3/dist/instantsearch-theme-algolia.min.css]
[www.google-analytics.com/analytics.js]
[mmistakes.github.io/minimal-mistakes/index.html]
[mmistakes.github.io/minimal-mistakes/assets/css/main.css]
[cdn.jsdelivr.net/npm/@fortawesome/fontawesome-free@5/css/all.min.css]
[mmistakes.github.io/minimal-mistakes/assets/images/site-logo.png]
[mmistakes.github.io/minimal-mistakes/assets/images/mm-gh-pages.gif]
[cdn.jsdelivr.net/npm/instantsearch.js@2.3.3/dist/instantsearch.min.js]
[mmistakes.github.io/minimal-mistakes/docs/installation/index.html]
[mmistakes.github.io/minimal-mistakes/docs/structure/index.html]
[mmistakes.github.io/minimal-mistakes/assets/images/mm-theme-fork-repo.png]
[mmistakes.github.io/minimal-mistakes/docs/quick-start-guide/index.html]
[mmistakes.github.io/minimal-mistakes/docs/overriding-theme-defaults/index.html]
[mmistakes.github.io/minimal-mistakes/docs/upgrading/index.html]
[mmistakes.github.io/minimal-mistakes/assets/images/michael-rose.jpg]
[mmistakes.github.io/minimal-mistakes/docs/navigation/index.html]
[github.githubassets.com/images/icons/emoji/unicode/1f604.png]
[mmistakes.github.io/minimal-mistakes/assets/images/mm-layout-splash.png]
[mmistakes.github.io/minimal-mistakes/docs/ui-text/index.html]
[mmistakes.github.io/minimal-mistakes/assets/images/mm-layout-single-meta.png]
[mmistakes.github.io/minimal-mistakes/assets/images/mm-layout-archive.png]
[mmistakes.github.io/minimal-mistakes/about/index.html]
[mmistakes.github.io/minimal-mistakes/year-archive/index.html]
[mmistakes.github.io/minimal-mistakes/collection-archive/index.html]
[mmistakes.github.io/minimal-mistakes/docs/authors/index.html]
[mmistakes.github.io/minimal-mistakes/docs/posts/index.html]
[mmistakes.github.io/minimal-mistakes/terms/index.html]
[mmistakes.github.io/minimal-mistakes/docs/pages/index.html]
[mmistakes.github.io/minimal-mistakes/docs/collections/index.html]
[mmistakes.github.io/minimal-mistakes/assets/images/air-skin-archive-large.png]
[mmistakes.github.io/minimal-mistakes/docs/helpers/index.html]
[mmistakes.github.io/minimal-mistakes/assets/images/air-skin-archive.png]
[mmistakes.github.io/minimal-mistakes/assets/images/air-skin-post-large.png]
[mmistakes.github.io/minimal-mistakes/assets/images/air-skin-post.png]
[mmistakes.github.io/minimal-mistakes/assets/images/aqua-skin-archive-large.png]
[mmistakes.github.io/minimal-mistakes/docs/utility-classes/index.html]
[mmistakes.github.io/minimal-mistakes/assets/images/aqua-skin-archive.png]
[mmistakes.github.io/minimal-mistakes/assets/images/aqua-skin-post-large.png]
[mmistakes.github.io/minimal-mistakes/assets/images/aqua-skin-post.png]
[mmistakes.github.io/minimal-mistakes/assets/images/contrast-skin-archive-large.png]
[mmistakes.github.io/minimal-mistakes/assets/images/contrast-skin-archive.png]
[mmistakes.github.io/minimal-mistakes/docs/stylesheets/index.html]
[mmistakes.github.io/minimal-mistakes/assets/images/contrast-skin-post-large.png]
[mmistakes.github.io/minimal-mistakes/assets/images/contrast-skin-post.png]
[mmistakes.github.io/minimal-mistakes/assets/images/dark-skin-archive-large.png]
[mmistakes.github.io/minimal-mistakes/assets/images/dark-skin-archive.png]
[mmistakes.github.io/minimal-mistakes/assets/images/dark-skin-post-large.png]
[mmistakes.github.io/minimal-mistakes/docs/javascript/index.html]
[mmistakes.github.io/minimal-mistakes/assets/images/dark-skin-post.png]
[mmistakes.github.io/minimal-mistakes/assets/images/dirt-skin-archive-large.png]
[mmistakes.github.io/minimal-mistakes/assets/images/dirt-skin-archive.png]
[mmistakes.github.io/minimal-mistakes/assets/images/dirt-skin-post-large.png]
[mmistakes.github.io/minimal-mistakes/docs/history/index.html]
[mmistakes.github.io/minimal-mistakes/assets/images/dirt-skin-post.png]
[mmistakes.github.io/minimal-mistakes/assets/images/mint-skin-archive-large.png]
[mmistakes.github.io/minimal-mistakes/assets/images/mint-skin-archive.png]
[mmistakes.github.io/minimal-mistakes/assets/images/mint-skin-post-large.png]
[mmistakes.github.io/minimal-mistakes/assets/images/mint-skin-post.png]
[mmistakes.github.io/minimal-mistakes/docs/contributing/index.html]
[mmistakes.github.io/minimal-mistakes/assets/images/neon-skin-archive-large.png]
[mmistakes.github.io/minimal-mistakes/assets/images/neon-skin-archive.png]
[mmistakes.github.io/minimal-mistakes/assets/images/neon-skin-post-large.png]
[mmistakes.github.io/minimal-mistakes/assets/images/neon-skin-post.png]
[mmistakes.github.io/minimal-mistakes/docs/docs-2-2/index.html]
[mmistakes.github.io/minimal-mistakes/assets/images/plum-skin-archive-large.png]
[mmistakes.github.io/minimal-mistakes/assets/images/plum-skin-archive.png]
[mmistakes.github.io/minimal-mistakes/assets/images/plum-skin-post-large.png]
[mmistakes.github.io/minimal-mistakes/assets/images/plum-skin-post.png]
[mmistakes.github.io/minimal-mistakes/assets/images/sunrise-skin-archive-large.png]
[mmistakes.github.io/minimal-mistakes/layout-header-image-text-readability/index.html]
[mmistakes.github.io/minimal-mistakes/assets/images/sunrise-skin-archive.png]
[mmistakes.github.io/minimal-mistakes/assets/images/sunrise-skin-post-large.png]
[mmistakes.github.io/minimal-mistakes/assets/images/sunrise-skin-post.png]
[mmistakes.github.io/minimal-mistakes/assets/images/mm-teaser-images-example.jpg]
[mmistakes.github.io/minimal-mistakes/assets/images/mm-masthead-logo.png]
[mmistakes.github.io/minimal-mistakes/markup/markup-html-tags-and-formatting/index.html]
[mmistakes.github.io/minimal-mistakes/assets/images/mm-breadcrumbs-example.jpg]
[mmistakes.github.io/minimal-mistakes/assets/images/mm-post-date-example.png]
[mmistakes.github.io/minimal-mistakes/assets/images/mm-read-time-example.jpg]
[mmistakes.github.io/minimal-mistakes/assets/images/mm-staticman-pr-webhook.jpg]
[mmistakes.github.io/minimal-mistakes/markup-syntax-highlighting/index.html]
[mmistakes.github.io/minimal-mistakes/assets/images/masthead-search.gif]
[mmistakes.github.io/minimal-mistakes/assets/images/google-custom-search-engine-layout.png]
[mmistakes.github.io/minimal-mistakes/assets/images/mm-twitter-card-summary-image.jpg]
[mmistakes.github.io/minimal-mistakes/assets/images/mm-twitter-card-summary-large.jpg]
[mmistakes.github.io/minimal-mistakes/assets/images/facebook-share-example.jpg]
[mmistakes.github.io/minimal-mistakes/post formats/post-gallery/index.html]
[mmistakes.github.io/minimal-mistakes/assets/images/mm-author-sidebar-example.jpg]
[mmistakes.github.io/minimal-mistakes/docs/configuration/index.html]
[mmistakes.github.io/minimal-mistakes/recipes/chocolate-chip-cookies/index.html]
[mmistakes.github.io/minimal-mistakes/assets/images/mm-layout-single-header.png]
[mmistakes.github.io/minimal-mistakes/assets/images/mm-toc-helper-example.jpg]
[mmistakes.github.io/minimal-mistakes/categories/index.html]
[mmistakes.github.io/minimal-mistakes/assets/images/mm-layout-archive-taxonomy.png]
[mmistakes.github.io/minimal-mistakes/tags/index.html]
[mmistakes.github.io/minimal-mistakes/assets/images/mm-home-post-pagination-example.jpg]
[mmistakes.github.io/minimal-mistakes/assets/images/search-layout-example.png]
[mmistakes.github.io/minimal-mistakes/assets/images/mm-single-header-example.jpg]
[mmistakes.github.io/minimal-mistakes/assets/images/mm-single-header-overlay-example.jpg]
[mmistakes.github.io/minimal-mistakes/post/post-future-date/index.html]
[mmistakes.github.io/minimal-mistakes/assets/images/mm-single-header-overlay-fill-example.jpg]
[mmistakes.github.io/minimal-mistakes/assets/images/mm-header-overlay-black-filter.jpg]
[mmistakes.github.io/minimal-mistakes/assets/images/mm-header-overlay-red-filter.jpg]
[mmistakes.github.io/minimal-mistakes/assets/images/mm-header-overlay-custom-filter.jpg]
[mmistakes.github.io/minimal-mistakes/assets/images/mm-layout-single.png]
[mmistakes.github.io/minimal-mistakes/assets/images/mm-author-profile-reddit-color.png]
[mmistakes.github.io/minimal-mistakes/jekyll/post-exclude-search/index.html]
[mmistakes.github.io/minimal-mistakes/assets/images/mm-custom-sidebar-example.jpg]
[mmistakes.github.io/minimal-mistakes/assets/images/mm-custom-sidebar-nav.jpg]
[mmistakes.github.io/minimal-mistakes/assets/images/mm-social-share-links-default.png]
[mmistakes.github.io/minimal-mistakes/layout/uncategorized/layout-header-video/index.html]
[mmistakes.github.io/minimal-mistakes/assets/images/mm-social-share-links-reddit-gs.png]
[mmistakes.github.io/minimal-mistakes/assets/images/mm-social-share-links-reddit-color.png]
[mmistakes.github.io/minimal-mistakes/docs/layouts/index.html]
[mmistakes.github.io/minimal-mistakes/docs/license/index.html]
[mmistakes.github.io/minimal-mistakes/jekyll/gemified-theme-beta/index.html]
[cdn.jsdelivr.net/npm/instantsearch.js@2.3.3/dist/instantsearch.min.css]
[mmistakes.github.io/minimal-mistakes/jekyll/gemified-theme-alpha/index.html]
[cdn.jsdelivr.net/npm/instantsearch.js@2.3.3/dist/instantsearch-theme-algolia.min.css]
[mmistakes.github.io/minimal-mistakes/jekyll/welcome-to-jekyll/index.html]
[mmistakes.github.io/minimal-mistakes/markup-more-images/index.html]
[mmistakes.github.io/minimal-mistakes/markup/markup-image-alignment/index.html]
[github.githubassets.com/images/icons/emoji/unicode/1f609.png]
[mmistakes.github.io/minimal-mistakes/docs/structure/index.html]
[mmistakes.github.io/minimal-mistakes/markup/markup-title-with-special-characters/index.html]
[mmistakes.github.io/minimal-mistakes/assets/images/mm-bundle-install.gif]
[mmistakes.github.io/minimal-mistakes/markup/markup-text-alignment/index.html]
[mmistakes.github.io/minimal-mistakes/docs/installation/index.html]
[mmistakes.github.io/minimal-mistakes/docs/upgrading/index.html]
[mmistakes.github.io/minimal-mistakes/markdown/markup-title-with-markup/index.html]
[mmistakes.github.io/minimal-mistakes/markup-text-readability/index.html]
[mmistakes.github.io/minimal-mistakes/docs/overriding-theme-defaults/index.html]
[mmistakes.github.io/minimal-mistakes/layout-sidebar-nav-list/index.html]
[mmistakes.github.io/minimal-mistakes/layout-sidebar-custom/index.html]
[mmistakes.github.io/minimal-mistakes/assets/images/mm-priority-plus-masthead.gif]
[mmistakes.github.io/minimal-mistakes/markup-text-readability-wide-page/index.html]
[mmistakes.github.io/minimal-mistakes/docs/navigation/index.html]
[mmistakes.github.io/minimal-mistakes/layout/uncategorized/layout-header-overlay-image/index.html]
[mmistakes.github.io/minimal-mistakes/assets/images/mm-ui-text-labels.jpg]
[mmistakes.github.io/minimal-mistakes/docs/ui-text/index.html]
[mmistakes.github.io/minimal-mistakes/layout/uncategorized/layout-more-tag/index.html]
[mmistakes.github.io/minimal-mistakes/docs/authors/index.html]
[mmistakes.github.io/minimal-mistakes/layout/uncategorized/layout-header-overlay-image-tagline/index.html]
[mmistakes.github.io/minimal-mistakes/layout/uncategorized/layout-header-overlay-color/index.html]
[mmistakes.github.io/minimal-mistakes/docs/posts/index.html]
[mmistakes.github.io/minimal-mistakes/layout/uncategorized/layout-header-image-vertical/index.html]
[mmistakes.github.io/minimal-mistakes/docs/pages/index.html]
[mmistakes.github.io/minimal-mistakes/layout/uncategorized/layout-header-image-horizontal/index.html]
[mmistakes.github.io/minimal-mistakes/layout/uncategorized/layout-header-image-external/index.html]
[mmistakes.github.io/minimal-mistakes/assets/images/mm-portfolio-collection-example.jpg]
[mmistakes.github.io/minimal-mistakes/docs/collections/index.html]
[mmistakes.github.io/minimal-mistakes/layout-author-sidebar-disabled/index.html]
[mmistakes.github.io/minimal-mistakes/layout-author-override/index.html]
[mmistakes.github.io/minimal-mistakes/assets/images/unsplash-image-10.jpg]
[mmistakes.github.io/minimal-mistakes/layout/uncategorized/layout-excerpt-generated/index.html]
[mmistakes.github.io/minimal-mistakes/assets/images/unsplash-gallery-image-1.jpg]
[mmistakes.github.io/minimal-mistakes/assets/images/unsplash-gallery-image-1-th.jpg]
[mmistakes.github.io/minimal-mistakes/layout/uncategorized/layout-excerpt-defined/index.html]
[mmistakes.github.io/minimal-mistakes/assets/images/unsplash-gallery-image-2.jpg]
[mmistakes.github.io/minimal-mistakes/assets/images/unsplash-gallery-image-2-th.jpg]
[mmistakes.github.io/minimal-mistakes/assets/images/unsplash-gallery-image-3.jpg]
[mmistakes.github.io/minimal-mistakes/assets/images/unsplash-gallery-image-3-th.jpg]
[mmistakes.github.io/minimal-mistakes/docs/helpers/index.html]
[mmistakes.github.io/minimal-mistakes/assets/images/image-alignment-580x300.jpg]
[mmistakes.github.io/minimal-mistakes/layout/uncategorized/layout-code-excerpt-generated/index.html]
[mmistakes.github.io/minimal-mistakes/layout-table-of-contents-sticky/index.html]
[mmistakes.github.io/minimal-mistakes/layout-table-of-contents-post/index.html]
[mmistakes.github.io/minimal-mistakes/assets/images/image-alignment-150x150.jpg]
[mmistakes.github.io/minimal-mistakes/assets/images/image-alignment-300x200.jpg]
[mmistakes.github.io/minimal-mistakes/layout-table-of-contents-indent-post/index.html]
[mmistakes.github.io/minimal-mistakes/assets/images/image-alignment-1200x4002.jpg]
[mmistakes.github.io/minimal-mistakes/docs/utility-classes/index.html]
[mmistakes.github.io/minimal-mistakes/assets/images/mm-paragraph-indent-example.jpg]
[mmistakes.github.io/minimal-mistakes/layout-table-of-contents-include-post/index.html]
[mmistakes.github.io/minimal-mistakes/layout/uncategorized/layout-read-time-comments-sharing-related-posts-disabled/index.html]
[mmistakes.github.io/minimal-mistakes/assets/images/default-code-block.jpg]
[mmistakes.github.io/minimal-mistakes/assets/images/solarized-light-code-block.jpg]
[mmistakes.github.io/minimal-mistakes/assets/images/contrast-code-block.jpg]
[mmistakes.github.io/minimal-mistakes/layout/uncategorized/layout-sharing/index.html]
[mmistakes.github.io/minimal-mistakes/assets/images/dark-code-block.jpg]
[mmistakes.github.io/minimal-mistakes/assets/images/dirt-code-block.jpg]
[mmistakes.github.io/minimal-mistakes/assets/images/dracula-code-block.jpg]
[mmistakes.github.io/minimal-mistakes/assets/images/neon-code-block.jpg]
[mmistakes.github.io/minimal-mistakes/layout/uncategorized/layout-sharing-disabled/index.html]
[mmistakes.github.io/minimal-mistakes/assets/images/plum-code-block.jpg]
[mmistakes.github.io/minimal-mistakes/assets/images/sunrise-code-block.jpg]
[mmistakes.github.io/minimal-mistakes/assets/images/mm-susy-grid-overlay.jpg]
[mmistakes.github.io/minimal-mistakes/docs/stylesheets/index.html]
[mmistakes.github.io/minimal-mistakes/layout/uncategorized/layout-related-posts/index.html]
[mmistakes.github.io/minimal-mistakes/layout/uncategorized/layout-related-posts-disabled/index.html]
[mmistakes.github.io/minimal-mistakes/layout-read-time/index.html]
[mmistakes.github.io/minimal-mistakes/docs/javascript/index.html]
[mmistakes.github.io/minimal-mistakes/layout-read-time-disabled/index.html]
[mmistakes.github.io/minimal-mistakes/layout-post-date/index.html]
[github.com/mmistakes/minimal-mistakes/blob/master/assets/js/_main.html]
[cloud.githubusercontent.com/assets/1376749/5860522/d9f28a96-a22f-11e4-9b83-940a3a9a766a.png]
[mmistakes.github.io/minimal-mistakes/layout-post-date-disabled/index.html]
[mmistakes.github.io/minimal-mistakes/layout/uncategorized/layout-comments/index.html]
[mmistakes.github.io/minimal-mistakes/layout/uncategorized/layout-comments-disabled/index.html]
[mmistakes.github.io/minimal-mistakes/post formats/post-image-caption/index.html]
[mmistakes.github.io/minimal-mistakes/media/post-twitter-embeds/index.html]
[mmistakes.github.io/minimal-mistakes/404.html]
[mmistakes.github.io/minimal-mistakes/docs/history/index.html]
[mmistakes.github.io/minimal-mistakes/post formats/post-image-linked-caption/index.html]
[mmistakes.github.io/minimal-mistakes/docs/contributing/index.html]
[mmistakes.github.io/minimal-mistakes/layout/uncategorized/post-teaser-image-og-override/index.html]
[mmistakes.github.io/minimal-mistakes/post formats/post-image-standard/index.html]
[mmistakes.github.io/minimal-mistakes/assets/images/paragraph-indent.png]
[mmistakes.github.io/minimal-mistakes/post formats/post-image-linked/index.html]
[mmistakes.github.io/minimal-mistakes/assets/images/paragraph-no-indent.png]
[mmistakes.github.io/minimal-mistakes/docs/docs-2-2/index.html]
[mmistakes.github.io/minimal-mistakes/assets/images/unsplash-image-4.jpg]
[mmistakes.github.io/minimal-mistakes/layout/uncategorized/post-header-overlay-image-og-override/index.html]
[mmistakes.github.io/minimal-mistakes/layout/uncategorized/post-header-image-og-override/index.html]
[mmistakes.github.io/minimal-mistakes/layout-header-image-text-readability/index.html]
[mmistakes.github.io/minimal-mistakes/post formats/post-quote/index.html]
[mmistakes.github.io/minimal-mistakes/post formats/post-link/index.html]
[mmistakes.github.io/minimal-mistakes/post formats/post-video-youtube/index.html]
[mmistakes.github.io/minimal-mistakes/assets/images/markup-syntax-highlighting-teaser.jpg]
[mmistakes.github.io/minimal-mistakes/post formats/post-notice/index.html]
[mmistakes.github.io/minimal-mistakes/markup/markup-html-tags-and-formatting/index.html]
[mmistakes.github.io/minimal-mistakes/post formats/post-chat/index.html]
[mmistakes.github.io/minimal-mistakes/post formats/post-standard/index.html]
[mmistakes.github.io/minimal-mistakes/post formats/post-modified/index.html]
[gist.github.com/mmistakes/77c68fbb07731a456805a7b473f47841.js]
[mmistakes.github.io/minimal-mistakes/markup-syntax-highlighting/index.html]
[mmistakes.github.io/minimal-mistakes/edge case/edge-case-very-long-title/index.html]
[mmistakes.github.io/minimal-mistakes/edge case/edge-case-title-should-not-overflow-the-content-area/index.html]
[mmistakes.github.io/minimal-mistakes/edge-case-multiline-excerpt/index.html]
[farm2.staticflickr.com/1272/4697500467_8294dac099_q.jpg]
[mmistakes.github.io/minimal-mistakes/edge case/edge-case-no-yaml-title/index.html]
[farm5.staticflickr.com/4029/4697523701_249e93ba23_q.jpg]
[farm5.staticflickr.com/4046/4697502929_72c612c636_q.jpg]
[mmistakes.github.io/minimal-mistakes/assets/images/unsplash-gallery-image-4-th.jpg]
[mmistakes.github.io/minimal-mistakes/post formats/post-gallery/index.html]
[mmistakes.github.io/minimal-mistakes/recipes/chocolate-chip-cookies/index.html]
[mmistakes.github.io/minimal-mistakes/edge case/edge-case-no-body-content/index.html]
[mmistakes.github.io/minimal-mistakes/categories/index.html]
[mmistakes.github.io/minimal-mistakes/aciform/antiquarianism/arrangement/asmodeus/broder/buying/championship/chastening/disinclination/disinfection/dispatch//index.html]
[mmistakes.github.io/minimal-mistakes/tags/index.html]
[mmistakes.github.io/minimal-mistakes/edge case/edge-case-many-tags/index.html]
[mmistakes.github.io/minimal-mistakes/post/post-future-date/index.html]
[mmistakes.github.io/minimal-mistakes/edge case/edge-case-nested-and-mixed-lists/index.html]
[mmistakes.github.io/minimal-mistakes/jekyll/post-exclude-search/index.html]
[mmistakes.github.io/minimal-mistakes/pets/lhasa-apso/index.html]
[mmistakes.github.io/minimal-mistakes/layout/uncategorized/layout-header-video/index.html]
[mmistakes.github.io/minimal-mistakes/pets/tabby/index.html]
[mmistakes.github.io/minimal-mistakes/jekyll/gemified-theme-beta/index.html]
[mmistakes.github.io/minimal-mistakes/portfolio/baz-boom-identity/index.html]
[mmistakes.github.io/minimal-mistakes/jekyll/gemified-theme-alpha/index.html]
[mmistakes.github.io/minimal-mistakes/portfolio/fizz-bang-identity/index.html]
[mmistakes.github.io/minimal-mistakes/portfolio/foo-bar-website/index.html]
[mmistakes.github.io/minimal-mistakes/assets/images/500x300.png]
[mmistakes.github.io/minimal-mistakes/jekyll/welcome-to-jekyll/index.html]
[mmistakes.github.io/minimal-mistakes/portfolio/ginger-gulp-identity/index.html]
[mmistakes.github.io/minimal-mistakes/recipes/oatmeal-cookies/index.html]
[mmistakes.github.io/minimal-mistakes/recipes/peanut-butter-cookies/index.html]
[farm9.staticflickr.com/8426/7758832526_cc8f681e48_c.jpg]
[mmistakes.github.io/minimal-mistakes/categories/edge-case/index.html]
[mmistakes.github.io/minimal-mistakes/tags/markup/index.html]
[mmistakes.github.io/minimal-mistakes/recipes/index.html]
[mmistakes.github.io/minimal-mistakes/portfolio/index.html]
[farm9.staticflickr.com/8426/7758832526_cc8f681e48_b.jpg]
[placehold.it/1200x600.JPG]
[mmistakes.github.io/minimal-mistakes/pets/index.html]
[mmistakes.github.io/minimal-mistakes/splash-page/index.html]
[mmistakes.github.io/minimal-mistakes/child-1-page-url/index.html]
[mmistakes.github.io/minimal-mistakes/parent-1-page-url/index.html]
[placehold.it/600x300.jpg]
[mmistakes.github.io/minimal-mistakes/child-2-page-url/index.html]
[mmistakes.github.io/minimal-mistakes/parent-2-page-url/index.html]
[mmistakes.github.io/minimal-mistakes/child-3-page-url/index.html]
[placehold.it/1200x600-2.jpg]
[mmistakes.github.io/minimal-mistakes/markup-more-images/index.html]
[mmistakes.github.io/minimal-mistakes/archive-layout-with-content/index.html]
[mmistakes.github.io/minimal-mistakes/markup/markup-image-alignment/index.html]
[mmistakes.github.io/minimal-mistakes/markup/markup-text-alignment/index.html]
[mmistakes.github.io/minimal-mistakes/markup/markup-title-with-special-characters/index.html]
[mmistakes.github.io/minimal-mistakes/markdown/markup-title-with-markup/index.html]
[mmistakes.github.io/minimal-mistakes/markup-text-readability/index.html]
[mmistakes.github.io/minimal-mistakes/markup-text-readability-wide-page/index.html]
[mmistakes.github.io/minimal-mistakes/layout-sidebar-nav-list/index.html]
[mmistakes.github.io/minimal-mistakes/layout-sidebar-custom/index.html]
[mmistakes.github.io/minimal-mistakes/layout/uncategorized/layout-more-tag/index.html]
[mmistakes.github.io/minimal-mistakes/assets/images/unsplash-image-1.jpg]
[mmistakes.github.io/minimal-mistakes/layout/uncategorized/layout-header-overlay-image/index.html]
[mmistakes.github.io/minimal-mistakes/layout/uncategorized/layout-header-overlay-image-tagline/index.html]
[mmistakes.github.io/minimal-mistakes/layout/uncategorized/layout-header-overlay-color/index.html]
[mmistakes.github.io/minimal-mistakes/assets/images/unsplash-image-6.jpg]
[mmistakes.github.io/minimal-mistakes/layout/uncategorized/layout-header-image-vertical/index.html]
[mmistakes.github.io/minimal-mistakes/layout/uncategorized/layout-header-image-horizontal/index.html]
[live.staticflickr.com/8084/8396909762_813a2b1829_h.jpg]
[mmistakes.github.io/minimal-mistakes/layout/uncategorized/layout-header-image-external/index.html]
[mmistakes.github.io/minimal-mistakes/layout-author-sidebar-disabled/index.html]
[mmistakes.github.io/minimal-mistakes/assets/images/bio-photo-2.jpg]
[mmistakes.github.io/minimal-mistakes/layout-author-override/index.html]
[mmistakes.github.io/minimal-mistakes/layout/uncategorized/layout-excerpt-generated/index.html]
[mmistakes.github.io/minimal-mistakes/layout/uncategorized/layout-excerpt-defined/index.html]
[mmistakes.github.io/minimal-mistakes/layout/uncategorized/layout-code-excerpt-generated/index.html]
[mmistakes.github.io/minimal-mistakes/assets/images/3953273590_704e3899d5_m.jpg]
[mmistakes.github.io/minimal-mistakes/layout-table-of-contents-sticky/index.html]
[mmistakes.github.io/minimal-mistakes/assets/images/unsplash-image-9.jpg]
[mmistakes.github.io/minimal-mistakes/layout-table-of-contents-post/index.html]
[mmistakes.github.io/minimal-mistakes/layout-table-of-contents-indent-post/index.html]
[mmistakes.github.io/minimal-mistakes/layout-table-of-contents-include-post/index.html]
[mmistakes.github.io/minimal-mistakes/layout/uncategorized/layout-read-time-comments-sharing-related-posts-disabled/index.html]
[mmistakes.github.io/minimal-mistakes/layout/uncategorized/layout-sharing/index.html]
[mmistakes.github.io/minimal-mistakes/layout/uncategorized/layout-sharing-disabled/index.html]
[mmistakes.github.io/minimal-mistakes/layout/uncategorized/layout-related-posts/index.html]
[mmistakes.github.io/minimal-mistakes/layout/uncategorized/layout-related-posts-disabled/index.html]
[mmistakes.github.io/minimal-mistakes/layout-read-time/index.html]
[mmistakes.github.io/minimal-mistakes/layout-read-time-disabled/index.html]
[mmistakes.github.io/minimal-mistakes/layout-post-date/index.html]
[mmistakes.github.io/minimal-mistakes/layout-post-date-disabled/index.html]
[mmistakes.github.io/minimal-mistakes/layout/uncategorized/layout-comments/index.html]
[mmistakes.github.io/minimal-mistakes/layout/uncategorized/layout-comments-disabled/index.html]
[mmistakes.github.io/minimal-mistakes/media/post-twitter-embeds/index.html]
[mmistakes.github.io/minimal-mistakes/post formats/post-image-caption/index.html]
[mmistakes.github.io/minimal-mistakes/post formats/post-image-linked-caption/index.html]
[mmistakes.github.io/minimal-mistakes/assets/images/page-header-og-image.png]
[mmistakes.github.io/minimal-mistakes/layout/uncategorized/post-teaser-image-og-override/index.html]
[mmistakes.github.io/minimal-mistakes/post formats/post-image-standard/index.html]
[live.staticflickr.com/8361/8400335147_5fabaa504c_o.jpg]
[mmistakes.github.io/minimal-mistakes/post formats/post-image-linked/index.html]
[mmistakes.github.io/minimal-mistakes/layout/uncategorized/post-header-overlay-image-og-override/index.html]
[mmistakes.github.io/minimal-mistakes/assets/images/page-header-image.png]
[mmistakes.github.io/minimal-mistakes/layout/uncategorized/post-header-image-og-override/index.html]
[platform.twitter.com/widgets.js]
[mmistakes.github.io/minimal-mistakes/post formats/post-video-youtube/index.html]
[mmistakes.github.io/minimal-mistakes/post formats/post-link/index.html]
[mmistakes.github.io/minimal-mistakes/post formats/post-quote/index.html]
[mmistakes.github.io/minimal-mistakes/post formats/post-notice/index.html]
[mmistakes.github.io/minimal-mistakes/post formats/post-chat/index.html]
[mmistakes.github.io/minimal-mistakes/post formats/post-standard/index.html]
[mmistakes.github.io/minimal-mistakes/post formats/post-modified/index.html]
[mmistakes.github.io/minimal-mistakes/edge case/edge-case-very-long-title/index.html]
[mmistakes.github.io/minimal-mistakes/edge case/edge-case-title-should-not-overflow-the-content-area/index.html]
[mmistakes.github.io/minimal-mistakes/edge-case-multiline-excerpt/index.html]
[mmistakes.github.io/minimal-mistakes/edge case/edge-case-no-yaml-title/index.html]
[mmistakes.github.io/minimal-mistakes/edge case/edge-case-no-body-content/index.html]
[mmistakes.github.io/minimal-mistakes/aciform/antiquarianism/arrangement/asmodeus/broder/buying/championship/chastening/disinclination/disinfection/dispatch//index.html]
[mmistakes.github.io/minimal-mistakes/edge case/edge-case-many-tags/index.html]
[mmistakes.github.io/minimal-mistakes/edge case/edge-case-nested-and-mixed-lists/index.html]
[mmistakes.github.io/minimal-mistakes/pets/lhasa-apso/index.html]
[mmistakes.github.io/minimal-mistakes/pets/tabby/index.html]
[mmistakes.github.io/minimal-mistakes/portfolio/baz-boom-identity/index.html]
[mmistakes.github.io/minimal-mistakes/portfolio/fizz-bang-identity/index.html]
[mmistakes.github.io/minimal-mistakes/assets/images/foo-bar-identity.jpg]
[mmistakes.github.io/minimal-mistakes/portfolio/foo-bar-website/index.html]
[mmistakes.github.io/minimal-mistakes/portfolio/ginger-gulp-identity/index.html]
[mmistakes.github.io/minimal-mistakes/recipes/oatmeal-cookies/index.html]
[mmistakes.github.io/minimal-mistakes/recipes/peanut-butter-cookies/index.html]
[mmistakes.github.io/minimal-mistakes/categories/edge-case/index.html]
[mmistakes.github.io/minimal-mistakes/tags/markup/index.html]
[mmistakes.github.io/minimal-mistakes/recipes/index.html]
[mmistakes.github.io/minimal-mistakes/assets/images/foo-bar-identity-th.jpg]
[mmistakes.github.io/minimal-mistakes/portfolio/index.html]
[mmistakes.github.io/minimal-mistakes/pets/index.html]
[mmistakes.github.io/minimal-mistakes/splash-page/index.html]
[mmistakes.github.io/minimal-mistakes/parent-1-page-url/index.html]
[mmistakes.github.io/minimal-mistakes/child-1-page-url/index.html]
[mmistakes.github.io/minimal-mistakes/child-2-page-url/index.html]
[mmistakes.github.io/minimal-mistakes/parent-2-page-url/index.html]
[mmistakes.github.io/minimal-mistakes/child-3-page-url/index.html]
[github.githubassets.com/assets/frameworks-eca8e21af2622cbcba2c93c67f79baed.css]
[github.githubassets.com/assets/behaviors-f1bee898f94fff2126806c33b72d3b50.css]
[github.githubassets.com/assets/github-c906272d6646447b22a5f6299e380388.css]
[github.githubassets.com/assets/environment-0b3798e0.js]
[github.githubassets.com/assets/chunk-frameworks-6a1399bf.js]
[github.githubassets.com/assets/chunk-vendor-2e0ea900.js]
[github.githubassets.com/assets/behaviors-8b537059.js]
[github.githubassets.com/assets/repositories-1a4d885a.js]
[github.githubassets.com/assets/diffs-ed48b9e4.js]
[github.com/fluidicon.png]
[github.githubassets.com/assets/optimizely-87e2f613.js]
[github.githubassets.com/favicons/favicon.png]
[github.com/login8067.html]
[github.com/mmistakes/minimal-mistakes/blob/4259ffdd6f5a90a9c09ebc9d1b4d69835c86e031/assets/js/_main.html]
[github.com/mmistakes/minimal-mistakes/blob/{{ urlEncodedRefName }}/assets/js/_main.a1.delayed]
[github.com/mmistakes/minimal-mistakes/contributors/master/assets/js/_main.html]
[raw.githubusercontent.com/mmistakes/minimal-mistakes/master/assets/js/_main.js]
[github.com/mmistakes/minimal-mistakes/blame/master/assets/js/_main.html]
[github.com/mmistakes/minimal-mistakes/blame/4259ffdd6f5a90a9c09ebc9d1b4d69835c86e031/assets/js/_main.html]
[github.com/mmistakes/minimal-mistakes/blob/master/assets/js/assets/js/_main.a7.delayed]
[github.com/mmistakes/minimal-mistakes/blob/master/assets/js/_main.html]
[mmistakes.github.io/minimal-mistakes/assets/js/lunr/lunr-en.js]
[mmistakes.github.io/minimal-mistakes/lorem-ipsum/index.html]
[mmistakes.github.io/minimal-mistakes/assets/js/lunr/lunr-gr.js]
[mmistakes.github.io/minimal-mistakes/page-a/index.html]
[mmistakes.github.io/minimal-mistakes/assets/js/lunr/lunr-store.js]
[mmistakes.github.io/minimal-mistakes/sitemap.xml]
[mmistakes.github.io/minimal-mistakes/robots.txt]
[mmistakes.github.io/minimal-mistakes/archive-layout-with-content/index.html]
[mmistakes.github.io/minimal-mistakes/page-b/index.html]
[mmistakes.github.io/minimal-mistakes/page-archive/index.html]
[mmistakes.github.io/minimal-mistakes/theme-setup/index.html]
[mmistakes.github.io/minimal-mistakes/404.html]
[mmistakes.github.io/minimal-mistakes/sample-page/index.html]
[mmistakes.github.io/minimal-mistakes/sitemap/index.html]
[mmistakes.github.io/minimal-mistakes/post-archive-feature-rows/index.html]
[github.githubassets.com/images/spinners/octocat-spinner-16px.gif]
[github.githubassets.com/images/modules/ajax/success.png]
[github.githubassets.com/images/modules/ajax/error.png]
[github.githubassets.com/images/spinners/octocat-spinner-32.gif]
[github.githubassets.com/images/modules/ajax/success@2x.png]
[github.githubassets.com/images/modules/ajax/error@2x.png]
[github.githubassets.com/images/spinners/octocat-spinner-32-EAF2F5.gif]
[github.githubassets.com/images/spinners/octocat-spinner-16px-EAF2F5.gif]
[github.githubassets.com/assets/frameworks-eca8e21af2622cbcba2c93c67f79baed.css]
[github.githubassets.com/images/modules/pagehead/background-yellowhatch-v3.png]
[github.githubassets.com/assets/behaviors-f1bee898f94fff2126806c33b72d3b50.css]
[github.githubassets.com/images/spinners/octocat-spinner-64.gif]
[github.githubassets.com/images/modules/commit/trans_bg.gif]
[github.githubassets.com/images/spinners/octocat-spinner-128.gif]
[github.githubassets.com/images/modules/actions/actions-hero.png]
[github.githubassets.com/images/modules/site/sponsors/heart-explosion.png]
[github.githubassets.com/assets/github-c906272d6646447b22a5f6299e380388.css]
[github.githubassets.com/assets/unsupported-9ee6f785.js]
[github.githubassets.com/assets/settings-792c8a40.js]
[github.githubassets.com/assets/sessions-17f62089.js]
[github.com/opensearch.xml]
[github.com/login.html]
[github.com/manifest.json]
[github.com/logine7b6.html]
[github.com/password_reset.html]
[github.com/join1dbb.html]
[github.com/login8067.html]
[github.com/mmistakes/minimal-mistakes/blob/4259ffdd6f5a90a9c09ebc9d1b4d69835c86e031/assets/js/_main.html]
[github.com/mmistakes/minimal-mistakes/blob/{{ urlEncodedRefName }}/assets/js/_main.html]
[github.com/mmistakes/minimal-mistakes/commits/master/assets/js/_main.html]
[github.com/mmistakes/minimal-mistakes/contributors-list/master/assets/js/_main.html]
[github.com/mmistakes/minimal-mistakes/commits/master/assets/js/_main58b5.html]
[github.com/mmistakes/minimal-mistakes/commits/master/assets/js/_main53a2.html]
[github.com/mmistakes/minimal-mistakes/commits/master/assets/js/_main0a7e.html]
[github.com/mmistakes/minimal-mistakes/commits/master/assets/js/_mainb04b.html]
[github.com/mmistakes/minimal-mistakes/commits/master/assets/js/_main72c5.html]
[github.com/mmistakes/minimal-mistakes/commits/master/assets/js/_main0927.html]
[github.com/mmistakes/minimal-mistakes/commits/master/assets/js/_main6a22.html]
[github.com/mmistakes/minimal-mistakes/contributors/master/assets/js/_main.html]
[raw.githubusercontent.com/mmistakes/minimal-mistakes/master/assets/js/_main.js]
[github.com/mmistakes/minimal-mistakes/commits/master/assets/js/_mainfebb.html]
[github.com/loginb34e.html]
[github.com/mmistakes/minimal-mistakes/blame/611be93d83b2e61f14d40fce5db6cb2b0b0cb173/_assets/js/_main.html]
[github.com/mmistakes/minimal-mistakes/blame/73d9750be4184631b03d5954a8ca8208de0a7302/assets/js/_main.html]
[github.com/mmistakes/minimal-mistakes/blame/973520759ccd481152b934933b47e52f4dfc4757/assets/js/_main.html]
[github.com/mmistakes/minimal-mistakes/blame/caefcce7296fc287ceba35aaac645991ac1d60a9/_assets/js/_main.html]
[github.com/mmistakes/minimal-mistakes/blame/0db0f31953a6e59a206c997a62b1e2bfa51cfd1b/assets/js/_main.html]
[github.com/mmistakes/minimal-mistakes/blame/abb89f7eb69029f21c05cfa090ac43acfa95b6d7/assets/js/_main.html]
[github.com/mmistakes/minimal-mistakes/blame/3925087ac28febb3655175d0e00c42a005d2c146/assets/js/_main.html]
[github.com/mmistakes/minimal-mistakes/blame/15c3abe48bf70cf34f6bb2504e2bd693ecdbcbc7/assets/js/_main.html]
[github.com/mmistakes/minimal-mistakes/blame/e72642539e526b41bcccd02914b1df1f7442ef86/_assets/js/_main.html]
[github.com/mmistakes/minimal-mistakes/blame/8eb880aaa0f674fcb872f576a18fa701ae46c2a8/assets/js/_main.html]
[github.com/mmistakes/minimal-mistakes/blame/d720398c247c4f1fba07d3ebd1283deecb6ef897/assets/js/_main.html]
[github.com/mmistakes/minimal-mistakes/blame/2784b3ad431f9e0e9f262d1a06d23f389c93d95c/assets/js/_main.html]
[github.com/mmistakes/minimal-mistakes/blame/94e8280950f095c82a26f616e5a5dd35d336dd86/assets/js/_main.html]
[github.com/mmistakes/minimal-mistakes/blame/44760c989e1f481cad3a439fc937ef47edd19f59/assets/js/_main.html]
[github.com/mmistakes/minimal-mistakes/blame/6a3d325cd49a2965e600519cc7e7f4c8f67cc9c9/assets/js/_main.html]
[github.com/mmistakes/minimal-mistakes/blame/e243901e9fda852d57784a72e913d091eb5770da/assets/js/_main.html]
[github.com/mmistakes/minimal-mistakes/blame/cda165d5ea2f7c230c71d2abdb0595851b9572cb/assets/js/_main.html]
[github.com/mmistakes/minimal-mistakes/blame/5c8b220bf93592cd0ecbebb9758342e42bf7e89f/assets/js/_main.html]
[github.com/mmistakes/minimal-mistakes/blame/master/assets/js/_main.html]
[github.com/mmistakes/minimal-mistakes/blame/4259ffdd6f5a90a9c09ebc9d1b4d69835c86e031/assets/js/_main.html]
[github.com/mmistakes/minimal-mistakes/blob/master/assets/js/assets/js/_main.html]
[mmistakes.github.io/minimal-mistakes/lorem-ipsum/index.html]
[mmistakes.github.io/minimal-mistakes/page-a/index.html]
[mmistakes.github.io/minimal-mistakes/page-archive/index.html]
[mmistakes.github.io/minimal-mistakes/page-b/index.html]
[mmistakes.github.io/minimal-mistakes/post-archive-feature-rows/index.html]
[mmistakes.github.io/minimal-mistakes/sample-page/index.html]
[mmistakes.github.io/minimal-mistakes/sitemap/index.html]
[github.com/mmistakes/minimal-mistakes/blame/5267be3bf1fad08b485ae1f9a2cefd1a59d71c8d/assets/js/_main.html]
[github.com/login.html]
[github.com/join3060.html]
[github.com/logine7b6.html]
[github.com/join19d0.html]
[github.githubassets.com/assets/signup-1c76f49f.js]
[github.com/password_reset.html]
[github.githubassets.com/assets/site-ae8f65f11f1840a1dae0452f5b02b9c3.css]
[github.com/join.html]
[github.com/features.html]
[github.com/mobile.html]
[github.com/features/actions.html]
[github.com/features/codespaces.html]
[github.com/features/packages.html]
[github.com/features/security.html]
[github.com/features/integrations.html]
[github.com/features/code-review/index.html]
[github.com/features/project-management/index.html]
[github.com/sponsors.html]
[github.com/customer-stories49ee.html]
[github.com/team.html]
[github.com/enterprise.html]
[github.com/explore.html]
[github.com/topics.html]
[github.com/collections.html]
[github.com/trending.html]
[github.com/readme.html]
[github.com/events.html]
[github.com/marketplace.html]
[github.com/pricing.html]
[github.com/signup_check/username.108fc8d.delayed]
[github.com/signup_check/email.109.delayed]
[github.com/users/password.10a.delayed]
[github.com/security.html]
[github.com/join1dbb.html]
[github.com/about.html]
[github.com/login3a46.html]
[github.com/mmistakes/minimal-mistakes/blob/784264d1e665d95f378ae36afe817a36ce500cfa/assets/js/_main.html]
[github.com/mmistakes/minimal-mistakes/blob/b7144931c7163f0cd55b9da1f30f5676c4825001/assets/js/_main.html]
[github.com/mmistakes/minimal-mistakes/blob/6d28d12d1dcf4883d41e168882c06f1d9948c040/assets/js/_main.html]
[github.com/mmistakes/minimal-mistakes/blob/3b3da46feaca36f9142d93b7ec53d0e92c302a29/assets/js/_main.html]
[github.com/mmistakes/minimal-mistakes/blob/cf0c046dd231a5eb7f2d1d234740f102f2ad44c2/assets/js/_main.html]
[github.com/mmistakes/minimal-mistakes/blob/a44dc2f9141c0c1093845e541a6ae919fa24d080/assets/js/_main.html]
[github.com/mmistakes/minimal-mistakes/blob/1e78b160cae51dda44c05cb42d3ac2e249e08220/assets/js/_main.html]
[github.com/mmistakes/minimal-mistakes/blob/81f7851347833861c3f6092178ca7a70a1d7145a/assets/js/_main.html]
[github.com/mmistakes/minimal-mistakes/blob/1b7e8335fe0ce389ca13ceadd94fc9bdd3583866/assets/js/_main.html]
[github.com/mmistakes/minimal-mistakes/blob/6990f8fcc9fc22cda5c96a0b6a3585a333433ea0/assets/js/_main.html]
[github.com/mmistakes/minimal-mistakes/blob/f2f580101efbc7fb6bb3c181dd1dbe50722165ba/assets/js/_main.html]
[github.com/mmistakes/minimal-mistakes/blob/33551c8cdbe21f44140531465115de567111f0cb/assets/js/_main.html]
[github.com/mmistakes/minimal-mistakes/blob/356c1eb0937ab514bda35662afb656e3c06fdeca/assets/js/_main.html]
[github.com/mmistakes/minimal-mistakes/blob/e2b50a355fbf6bb88c6990f8353e5c30e8e21e54/assets/js/_main.html]
[github.com/mmistakes/minimal-mistakes/blob/7eb00bbd618a7517fd763ea470e1c9a58c6a280a/assets/js/_main.html]
[github.com/mmistakes/minimal-mistakes/blob/6b9afaa8b7f072e4c644d2f199dd2d320d83f407/assets/js/_main.html]
[github.com/mmistakes/minimal-mistakes/blob/55843c5dca8fcf5ff83e48ace202fc529d58ae14/assets/js/_main.html]
[github.com/mmistakes/minimal-mistakes/blob/9a9cbc01e3875a9fdf9d46e54759ba664784044f/assets/js/_main.html]
[github.com/mmistakes/minimal-mistakes/blob/cd79ac9a640da28a5c56ebaa87d51e147535e500/assets/js/_main.html]
[github.com/mmistakes/minimal-mistakes/blob/e5147f8de9be73e93180499a835eae692b18cb8b/assets/js/_main.html]
[github.com/mmistakes/minimal-mistakes/blob/54a864690153344876bf7c7d6f5ad42d6001cc5a/assets/js/_main.html]
[github.com/mmistakes/minimal-mistakes/blob/c3e2272a6f6a611c6cf684f1dbfa2ee95c7b387c/assets/js/_main.html]
[github.com/mmistakes/minimal-mistakes/blob/9bd96ec92f130c6fd4632a866d4b9d1e3971da05/assets/js/_main.html]
[github.com/mmistakes/minimal-mistakes/blob/4df2367e1c4c6986e5ccfc273723c58b1f395d73/assets/js/_main.html]
[github.com/mmistakes/minimal-mistakes/blob/a2a4f845804c0ea1de96e735f5e4a9d3eda89648/assets/js/_main.html]
[github.com/mmistakes/minimal-mistakes/blob/780b30c9f6eb329255fda07ef9a4487f3ba83f29/assets/js/_main.html]
[github.com/mmistakes/minimal-mistakes/blob/af16afdaf2492f0fa5dd366aa9288ae8f0f4f691/assets/js/_main.html]
[github.com/mmistakes/minimal-mistakes/blob/c19cd2a3911fe90c38cd7a6ec0516ced10dc1e6f/assets/js/_main.12b.delayed]
[github.com/mmistakes/minimal-mistakes/blob/d5a0a2e585db42bf231340b727741f01ef7db4b5/assets/js/_main.html]
[github.com/mmistakes/minimal-mistakes/blob/f06b4c163d2e51b5a03e55f15d7477bfdf95555e/assets/js/_main.html]
[github.com/mmistakes/minimal-mistakes/blob/d0313bd423335049f72b530ba6a6b089569e511b/assets/js/_main.html]
[github.com/mmistakes/minimal-mistakes/blob/33d5d966f3b7b6bd94e9fab775ce3e9eacead315/assets/js/_main.html]
[github.com/mmistakes/minimal-mistakes/blob/db2981d253534bf2b03b8341e2ee490ffd1dada0/assets/js/_main.html]
[github.com/mmistakes/minimal-mistakes/blob/82e306ebc9927517bc1234cf9ea34f8357227a30/assets/js/_main.html]
[github.com/mmistakes/minimal-mistakes/commits/master/assets/js/_main.html]
[github.com/mmistakes/minimal-mistakes/contributors-list/master/assets/js/_main.html]
[github.com/mmistakes/minimal-mistakes/commits/master/assets/js/_main58b5.html]
[github.com/mmistakes/minimal-mistakes/commits/master/assets/js/_main53a2.html]
[github.com/mmistakes/minimal-mistakes/commits/master/assets/js/_main0a7e.html]
[github.com/mmistakes/minimal-mistakes/commits/master/assets/js/_mainb04b.html]
[github.com/mmistakes/minimal-mistakes/commits/master/assets/js/_main72c5.html]
[github.com/mmistakes/minimal-mistakes/commits/master/assets/js/_main0927.html]
[github.com/mmistakes/minimal-mistakes/commits/master/assets/js/_main6a22.html]
[github.com/mmistakes/minimal-mistakes/commits/master/assets/js/_mainfebb.html]
[github.com/mmistakes/minimal-mistakes/blob/a472d16bdf1cf1673c99bd319cfff3f8ba812964/assets/js/_main.html]
[github.com/loginb34e.html]
[github.com/mmistakes/minimal-mistakes/blame/611be93d83b2e61f14d40fce5db6cb2b0b0cb173/_assets/js/_main.html]
[github.com/mmistakes/minimal-mistakes/blame/73d9750be4184631b03d5954a8ca8208de0a7302/assets/js/_main.html]
[github.com/mmistakes/minimal-mistakes/blame/973520759ccd481152b934933b47e52f4dfc4757/assets/js/_main.html]
[github.com/mmistakes/minimal-mistakes/blame/caefcce7296fc287ceba35aaac645991ac1d60a9/_assets/js/_main.html]
[github.com/mmistakes/minimal-mistakes/blame/0db0f31953a6e59a206c997a62b1e2bfa51cfd1b/assets/js/_main.html]
[github.com/mmistakes/minimal-mistakes/blame/abb89f7eb69029f21c05cfa090ac43acfa95b6d7/assets/js/_main.html]
[github.com/mmistakes/minimal-mistakes/blame/3925087ac28febb3655175d0e00c42a005d2c146/assets/js/_main.html]
[github.com/mmistakes/minimal-mistakes/blame/15c3abe48bf70cf34f6bb2504e2bd693ecdbcbc7/assets/js/_main.html]
[github.com/mmistakes/minimal-mistakes/blame/e72642539e526b41bcccd02914b1df1f7442ef86/_assets/js/_main.html]
[github.com/mmistakes/minimal-mistakes/blame/8eb880aaa0f674fcb872f576a18fa701ae46c2a8/assets/js/_main.html]
[github.com/mmistakes/minimal-mistakes/blame/d720398c247c4f1fba07d3ebd1283deecb6ef897/assets/js/_main.html]
[github.com/mmistakes/minimal-mistakes/blame/2784b3ad431f9e0e9f262d1a06d23f389c93d95c/assets/js/_main.html]
[github.com/mmistakes/minimal-mistakes/blame/94e8280950f095c82a26f616e5a5dd35d336dd86/assets/js/_main.html]
[github.com/mmistakes/minimal-mistakes/blame/44760c989e1f481cad3a439fc937ef47edd19f59/assets/js/_main.html]
[github.com/mmistakes/minimal-mistakes/blame/6a3d325cd49a2965e600519cc7e7f4c8f67cc9c9/assets/js/_main.html]
[github.com/mmistakes/minimal-mistakes/blame/e243901e9fda852d57784a72e913d091eb5770da/assets/js/_main.html]
[github.com/mmistakes/minimal-mistakes/blame/cda165d5ea2f7c230c71d2abdb0595851b9572cb/assets/js/_main.html]
[github.com/mmistakes/minimal-mistakes/blame/5c8b220bf93592cd0ecbebb9758342e42bf7e89f/assets/js/_main.html]
[github.com/mmistakes/minimal-mistakes/blame/5267be3bf1fad08b485ae1f9a2cefd1a59d71c8d/assets/js/_main.html]
[github.com/joinc39c.html]
[github.com/join3060.html]
[github.com/join19d0.html]
[github.githubassets.com/assets/site-ae8f65f11f1840a1dae0452f5b02b9c3.css]
[github.com/logindee8.html]
[github.com/join.html]
[github.com/login4c49.html]
[github.githubassets.com/assets/marketing-features-11f826e8.js]
[github.githubassets.com/assets/marketing-98588dd3.js]
[github.githubassets.com/assets/features-cd1e7327a49db85611c6a99c22d033bc.css]
[github.githubassets.com/apple-touch-icon.png]
[github.githubassets.com/apple-touch-icon-180x180.png]
[github.com/join9a0d.html]
[github.com/join_next9a0d.html]
[github.com/login2a66.html]
[github.githubassets.com/images/modules/site/features/launchpad/icons/icon-team-admin.png]
[github.githubassets.com/images/modules/site/features/launchpad/backgrounds/dark-mode.jpg]
[github.com/github/roadmap.html]
[github.githubassets.com/images/modules/site/features/launchpad/backgrounds/bg-new-roadmap.png]
[github.com/join9490.html]
[github.githubassets.com/images/modules/site/features/launchpad/backgrounds/bg-collaboration-glow.png]
[github.githubassets.com/images/modules/site/features/launchpad/illo/illo-collaboration-diff-view.png]
[github.githubassets.com/images/modules/site/features/launchpad/illo/illo-collaboration-convo.png]
[github.com/marketplace158b.html]
[github.githubassets.com/images/modules/site/features/launchpad/illo/illo-security-window.png]
[github.githubassets.com/images/modules/site/features/launchpad/backgrounds/bg-more.png]
[github.githubassets.com/images/modules/site/features/launchpad/illo/illo-apps-mobile-bg.png]
[github.githubassets.com/images/modules/site/features/launchpad/illo/illo-apps-mobile-fg.png]
[github.githubassets.com/images/modules/site/features/launchpad/illo/illo-project-management-bg.png]
[github.githubassets.com/images/modules/site/features/launchpad/illo/illo-project-management-mg.png]
[github.githubassets.com/images/modules/site/features/launchpad/illo/illo-project-management-fg.png]
[github.githubassets.com/images/modules/site/features/launchpad/illo/illo-team-admin-window.png]
[github.githubassets.com/images/modules/site/features/launchpad/illo/illo-team-admin-member.png]
[github.githubassets.com/images/modules/site/features/launchpad/illo/illo-team-admin-roles.png]
[github.githubassets.com/images/modules/site/features/launchpad/icons/icon-sponsors.png]
[github.githubassets.com/images/modules/site/features/launchpad/icons/icon-learning-lab.png]
[github.com/join9094.html]
[github.com/joind086.html]
[github.com/login631e.html]
[github.com/about/careers.html]
[github.com/about/press.html]
[github.com/github.html]
[github.com/site-map.html]
[github.com/features.html]
[github.com/git-guides.html]
[github.githubassets.com/assets/mobile-1b104b7e5b641c58045520c04eabddec.css]
[github.com/join5074.html]
[github.com/join_next5074.html]
[github.com/login136c.html]
[github.githubassets.com/images/modules/site/actions/hero-bg.jpg]
[github.githubassets.com/images/modules/site/mobile/notification.png]
[github.githubassets.com/images/modules/site/mobile/triage-all.png]
[github.githubassets.com/images/modules/site/mobile/notif-overlay-2.png]
[github.githubassets.com/images/modules/site/mobile/triage-tabbar.png]
[github.githubassets.com/images/modules/site/mobile/triage-bottom--mobile.png]
[github.githubassets.com/images/modules/site/mobile/notif-overlay--mobile.png]
[github.githubassets.com/images/modules/site/mobile/work.png]
[github.githubassets.com/images/modules/site/mobile/work--mobile.png]
[github.githubassets.com/images/modules/site/mobile/merge-view.png]
[github.githubassets.com/images/modules/site/mobile/merge-checkmark-1.png]
[github.githubassets.com/images/modules/site/mobile/merge-checkmark-2.png]
[github.githubassets.com/images/modules/site/mobile/merge-checkmark-3.png]
[github.githubassets.com/images/modules/site/mobile/merge-button.png]
[github.githubassets.com/images/modules/site/mobile/merge-view--mobile.png]
[github.githubassets.com/images/modules/site/mobile/merge-checkmark-1--mobile.png]
[github.githubassets.com/images/modules/site/mobile/merge-checkmark-2--mobile.png]
[github.githubassets.com/images/modules/site/mobile/merge-checkmark-3--mobile.png]
[github.githubassets.com/images/modules/site/mobile/nightmode5e1f.png]
[github.githubassets.com/images/modules/site/mobile/nightmode-overlay-1.png]
[github.githubassets.com/images/modules/site/mobile/nightmode-overlay-2.png]
[github.githubassets.com/images/modules/site/mobile/nightmode--mobile5e1f.png]
[github.githubassets.com/images/modules/site/mobile/beta-all.png]
[github.com/mobile.html]
[github.githubassets.com/assets/feature-actions-6e1d9343eb8153842bfd81080e1d66a2.css]
[github.githubassets.com/images/modules/site/actions/pr-checks-final.png]
[github.githubassets.com/images/modules/site/actions/coveralls.png]
[github.githubassets.com/images/modules/site/actions/axosoft.png]
[github.com/features/actions.html]
[github.githubassets.com/images/modules/site/actions/mabl.png]
[github.githubassets.com/assets/marketing-codespaces-fc8af01e.js]
[github.githubassets.com/assets/feature-codespaces-39b6d450ddaa7f9c76d95a75e0756df9.css]
[github.com/features/codespaces/signup.html]
[github.githubassets.com/images/modules/site/codespaces/hero.jpg]
[github.githubassets.com/images/modules/site/codespaces/code.png]
[github.githubassets.com/images/modules/site/codespaces/safari.png]
[github.githubassets.com/images/modules/site/codespaces/firefox.png]
[github.githubassets.com/images/modules/site/codespaces/vscode.png]
[github.githubassets.com/images/modules/site/codespaces/chrome.png]
[github.githubassets.com/images/modules/site/codespaces/edge.png]
[github.githubassets.com/images/modules/site/codespaces/workflow-view.png]
[github.githubassets.com/images/modules/site/codespaces/commit-workflow.png]
[github.githubassets.com/images/modules/site/codespaces/workflow-commit-icon.png]
[github.githubassets.com/images/modules/site/codespaces/extensions-1.png]
[github.githubassets.com/images/modules/site/codespaces/extensions-2.png]
[github.githubassets.com/images/modules/site/codespaces/extension-1.png]
[github.githubassets.com/images/modules/site/codespaces/extension-2.png]
[github.githubassets.com/images/modules/site/codespaces/extension-3.png]
[github.githubassets.com/images/modules/site/codespaces/extension-4.png]
[github.githubassets.com/images/modules/site/codespaces/device-1.png]
[github.githubassets.com/images/modules/site/codespaces/device-2.png]
[github.githubassets.com/images/modules/site/codespaces/commit-2.png]
[github.githubassets.com/images/modules/site/codespaces/commit-3.png]
[github.githubassets.com/images/modules/site/codespaces/dependency-3.png]
[github.githubassets.com/images/modules/site/codespaces/dependencies-3.png]
[github.githubassets.com/images/modules/site/codespaces/dependencies-1.png]
[github.githubassets.com/images/modules/site/codespaces/dependency-rust.png]
[github.githubassets.com/images/modules/site/codespaces/dependency-2.png]
[github.githubassets.com/images/modules/site/codespaces/dependencies-2.png]
[github.githubassets.com/images/modules/site/codespaces/codespaces-icon.png]
[github.com/features/codespaces.html]
[github.githubassets.com/assets/marketing-packages-94eda019.js]
[github.githubassets.com/assets/feature-packages-82de5a53873d68282a17ca9ce3857c4d.css]
[github.githubassets.com/images/modules/site/packages/bg-top.png]
[github.githubassets.com/images/modules/site/packages/package-managers/maven.png]
[github.githubassets.com/images/modules/site/packages/package-docker.png]
[github.githubassets.com/images/modules/site/packages/icon-private.png]
[github.githubassets.com/images/modules/site/packages/package-npm.png]
[github.githubassets.com/images/modules/site/packages/icon-public.png]
[github.githubassets.com/images/modules/site/packages/package-ruby.png]
[github.githubassets.com/images/modules/site/packages/icon-secure-login.png]
[github.githubassets.com/images/modules/site/packages/icon-integration.png]
[github.githubassets.com/images/modules/site/packages/icon-cdn.png]
[github.githubassets.com/images/modules/site/packages/cesium.png]
[github.githubassets.com/images/modules/site/packages/icon-publish.png]
[github.githubassets.com/images/modules/site/packages/icon-trigger.png]
[github.githubassets.com/images/modules/site/packages/icon-workflow.png]
[github.githubassets.com/images/modules/site/packages/bg-bottom.png]
[github.com/features/packages.html]
[github.githubassets.com/assets/feature-security-0a2aca09435485f83ee31cfee3631982.css]
[github.com/features/security/code.html]
[github.com/features/security/index.html]
[github.githubassets.com/images/modules/site/security/cmake-window.png]
[github.com/features/security/software-supply-chain.html]
[github.githubassets.com/images/modules/site/security/cmake-steps.png]
[github.githubassets.com/images/modules/site/security/terminal.png]
[github.githubassets.com/images/modules/site/security/code-scanning5e1f.png]
[github.githubassets.com/images/modules/site/security/issues5e1f.png]
[github.githubassets.com/images/modules/site/security/vscode.png]
[github.githubassets.com/images/modules/site/security/dependency-graph-bg.png]
[github.githubassets.com/images/modules/site/security/dependency-graph-list5e1f.png]
[github.githubassets.com/images/modules/site/security/dependabot-repo.png]
[github.githubassets.com/images/modules/site/security/dependabot-notif5e1f.png]
[github.githubassets.com/images/modules/site/security/pr-bg.png]
[github.githubassets.com/images/modules/site/security/pr-comment.png]
[github.githubassets.com/images/modules/site/security/dependabot-icon.png]
[github.githubassets.com/images/modules/site/security/secrets-scanning.png]
[github.githubassets.com/images/modules/site/security/secrets-logos.png]
[github.githubassets.com/images/modules/site/security/roles-window5e1f.png]
[github.githubassets.com/images/modules/site/security/globe-bg.jpg]
[github.githubassets.com/images/modules/site/security/avatars/leitsuch.jpg]
[github.githubassets.com/images/modules/site/security/avatars/gianni.jpg]
[github.githubassets.com/images/modules/site/security/avatars/staicu.jpg]
[github.com/features/security.html]
[github.githubassets.com/assets/site-legacy-a90823142cf025b37fc5080fd65df18c.css]
[github.githubassets.com/images/modules/site/code-review/pull-request.png]
[github.githubassets.com/images/modules/site/code-review/diff.png]
[github.githubassets.com/images/modules/site/code-review/history.png]
[github.githubassets.com/images/modules/site/code-review/blame.png]
[github.githubassets.com/images/modules/site/code-review/comment-simple.png]
[github.githubassets.com/images/modules/site/code-review/review-request-2.png]
[github.githubassets.com/images/modules/site/code-review/reviews.png]
[github.githubassets.com/images/modules/site/code-review/conflict.png]
[github.githubassets.com/images/modules/site/integrators/codecov.png]
[github.githubassets.com/images/modules/site/integrators/codacy-dark.png]
[github.githubassets.com/images/modules/site/integrators/coveralls.png]
[github.githubassets.com/images/modules/site/integrators/codefactor.png]
[github.githubassets.com/images/modules/site/patterns/contribution-graph.png]
[github.com/features/code-review/index.html]
[github.githubassets.com/images/modules/site/project-management/projects-tasks.png]
[github.githubassets.com/images/modules/site/project-management/projects-mentions.png]
[github.githubassets.com/images/modules/site/project-management/projects-labels.png]
[github.githubassets.com/images/modules/site/project-management/projects-milestones.png]
[github.githubassets.com/images/modules/site/project-management/pull-request-2.png]
[github.githubassets.com/images/modules/site/project-management/project-full.png]
[github.githubassets.com/images/modules/site/integrators/codetree.png]
[github.githubassets.com/images/modules/site/integrators/stale.png]
[github.githubassets.com/images/modules/site/integrators/zube.png]
[github.githubassets.com/images/modules/site/integrators/zenhubio.png]
[github.com/features/project-management/index.html]
[github.com/features/code-review.html]
[github.com/features/project-management.html]
[github.githubassets.com/images/modules/site/integrators/waffleio.png]
[github.githubassets.com/images/modules/site/integrators/appveyor-logo.png]
[github.com/features/integrations.html]
[github.githubassets.com/images/modules/site/integrators/travis-ci.png]
[github.githubassets.com/assets/sponsors-0e7b1870.js]
[github.githubassets.com/assets/sponsors-93f336e255e14cbd819da2391914250a.css]
[github.com/joinf1fe.html]
[github.com/join_nextf1fe.html]
[github.com/login600c.html]
[github.githubassets.com/images/modules/site/sponsors/sponsors-hero-bg-1600.jpg]
[github.com/sponsors/community.html]
[github.com/loginb084.html]
[github.githubassets.com/images/modules/site/sponsors/sponsors-contribute-illo.jpg]
[github.githubassets.com/images/modules/site/sponsors/sponsors-contribute-illo-mobile.jpg]
[github.com/mfix22.html]
[github.com/thejonanshow.html]
[github.githubassets.com/images/modules/site/sponsors/invest-dependency-bg.png]
[github.com/curl.html]
[github.com/sponsors/curl.html]
[github.com/openssl.html]
[github.com/sponsors/openssl.html]
[github.githubassets.com/images/modules/site/sponsors/sponsors-career-illo-2.png]
[github.com/swannodette.html]
[github.githubassets.com/images/modules/site/sponsors/sponsors-map.png]
[github.com/sponsors.html]
[github.com/logine8e8.html]
[github.githubassets.com/assets/customer-stories-41ec9918e3481cae45701934b3e6dd9e.css]
[github.com/joinc84c.html]
[github.com/join_nextc84c.html]
[github.com/login5789.html]
[github.com/organizations/enterprise_plan7216.html]
[github.com/customer-stories/homedepot.html]
[customer-stories-feed.github.com/customer_stories/homedepot/THD1.jpg]
[github.com/customer-stories/iag.html]
[customer-stories-feed.github.com/customer_stories/iag/iaghero.jpg]
[github.com/customer-stories/hashicorp.html]
[customer-stories-feed.github.com/customer_stories/hashicorp/hashicorp3.jpg]
[github.com/customer-stories/sap.html]
[customer-stories-feed.github.com/customer_stories/sap/sap6.jpg]
[github.com/customer-stories1814.html]
[github.com/customer-stories9610.html]
[github.com/customer-stories5ba0.html]
[github.com/customer-stories5b57.html]
[github.com/customer-stories79d6.html]
[github.com/customer-storiesef48.html]
[github.com/customer-stories9f28.html]
[github.com/customer-stories7013.html]
[github.com/customer-storiesaa56.html]
[github.com/customer-storiesddc9.html]
[github.com/customer-storiesab11.html]
[github.com/customer-stories874a.html]
[github.com/customer-stories52ad.html]
[github.com/customer-storiescb36.html]
[github.com/customer-storiese976.html]
[github.com/customer-stories6c6e.html]
[github.com/customer-stories51c6.html]
[github.com/customer-stories1d43.html]
[github.com/customer-storiese510.html]
[github.com/customer-stories33b3.html]
[github.com/customer-storiesc406.html]
[github.com/customer-stories9d5f.html]
[github.com/customer-storiesda2a.html]
[github.com/customer-stories/3m.html]
[customer-stories-feed.github.com/customer_stories/3M/3Mhero.jpg]
[github.com/customer-stories/adeo.html]
[customer-stories-feed.github.com/customer_stories/ADEO/adeooffice.jpg]
[github.com/customer-stories/adobe.html]
[customer-stories-feed.github.com/customer_stories/adobe/Adobe2.jpg]
[github.com/customer-stories/ahold-delhaize.html]
[customer-stories-feed.github.com/customer_stories/ahold-delhaize/ahold5.jpg]
[github.com/customer-stories/american-airlines.html]
[customer-stories-feed.github.com/customer_stories/american-airlines/AAhero.jpg]
[github.com/customer-stories/anaplan.html]
[customer-stories-feed.github.com/customer_stories/anaplan/hero.jpg]
[github.com/customer-stories/arduino.html]
[customer-stories-feed.github.com/customer_stories/arduino/arduino-github-01.jpg]
[github.com/customer-stories/autodesk.html]
[customer-stories-feed.github.com/customer_stories/autodesk/autodeskhero.jpg]
[github.com/customer-stories49ee.html]
[github.com/team.html]
[github.com/enterprise.html]
[github.com/explore.html]
[github.com/topics.html]
[github.com/collections.html]
[github.com/trending.html]
[github.com/readme.html]
[github.com/events.html]
[github.com/marketplace.html]
[github.com/pricing.html]
[github.com/signup_check/usernamefc8d.html]
[github.com/signup_check/email.html]
[github.com/users/password.html]
[github.com/security.html]
[github.com/about.html]
[github.com/login3a46.html]
[github.com/mmistakes/minimal-mistakes/blob/784264d1e665d95f378ae36afe817a36ce500cfa/assets/js/_main.html]
[github.com/mmistakes/minimal-mistakes/blob/b7144931c7163f0cd55b9da1f30f5676c4825001/assets/js/_main.html]
[github.com/mmistakes/minimal-mistakes/blob/6d28d12d1dcf4883d41e168882c06f1d9948c040/assets/js/_main.html]
[github.com/mmistakes/minimal-mistakes/blob/3b3da46feaca36f9142d93b7ec53d0e92c302a29/assets/js/_main.html]
[github.com/mmistakes/minimal-mistakes/blob/cf0c046dd231a5eb7f2d1d234740f102f2ad44c2/assets/js/_main.html]
[github.com/mmistakes/minimal-mistakes/blob/a44dc2f9141c0c1093845e541a6ae919fa24d080/assets/js/_main.html]
[github.com/mmistakes/minimal-mistakes/blob/1e78b160cae51dda44c05cb42d3ac2e249e08220/assets/js/_main.html]
[github.com/mmistakes/minimal-mistakes/blob/81f7851347833861c3f6092178ca7a70a1d7145a/assets/js/_main.html]
[github.com/mmistakes/minimal-mistakes/blob/1b7e8335fe0ce389ca13ceadd94fc9bdd3583866/assets/js/_main.html]
[github.com/mmistakes/minimal-mistakes/blob/6990f8fcc9fc22cda5c96a0b6a3585a333433ea0/assets/js/_main.html]
[github.com/mmistakes/minimal-mistakes/blob/f2f580101efbc7fb6bb3c181dd1dbe50722165ba/assets/js/_main.html]
[github.com/mmistakes/minimal-mistakes/blob/33551c8cdbe21f44140531465115de567111f0cb/assets/js/_main.html]
[github.com/mmistakes/minimal-mistakes/blob/356c1eb0937ab514bda35662afb656e3c06fdeca/assets/js/_main.html]
[github.com/mmistakes/minimal-mistakes/blob/e2b50a355fbf6bb88c6990f8353e5c30e8e21e54/assets/js/_main.html]
[github.com/mmistakes/minimal-mistakes/blob/7eb00bbd618a7517fd763ea470e1c9a58c6a280a/assets/js/_main.html]
[github.com/mmistakes/minimal-mistakes/blob/6b9afaa8b7f072e4c644d2f199dd2d320d83f407/assets/js/_main.html]
[github.com/mmistakes/minimal-mistakes/blob/55843c5dca8fcf5ff83e48ace202fc529d58ae14/assets/js/_main.html]
[github.com/mmistakes/minimal-mistakes/blob/9a9cbc01e3875a9fdf9d46e54759ba664784044f/assets/js/_main.html]
[github.com/mmistakes/minimal-mistakes/blob/cd79ac9a640da28a5c56ebaa87d51e147535e500/assets/js/_main.html]
[github.com/mmistakes/minimal-mistakes/blob/e5147f8de9be73e93180499a835eae692b18cb8b/assets/js/_main.html]
[github.com/mmistakes/minimal-mistakes/blob/54a864690153344876bf7c7d6f5ad42d6001cc5a/assets/js/_main.html]
[github.com/mmistakes/minimal-mistakes/blob/c3e2272a6f6a611c6cf684f1dbfa2ee95c7b387c/assets/js/_main.html]
[github.com/mmistakes/minimal-mistakes/blob/9bd96ec92f130c6fd4632a866d4b9d1e3971da05/assets/js/_main.html]
[github.com/mmistakes/minimal-mistakes/blob/4df2367e1c4c6986e5ccfc273723c58b1f395d73/assets/js/_main.html]
[github.com/mmistakes/minimal-mistakes/blob/a2a4f845804c0ea1de96e735f5e4a9d3eda89648/assets/js/_main.html]
[github.com/mmistakes/minimal-mistakes/blob/780b30c9f6eb329255fda07ef9a4487f3ba83f29/assets/js/_main.html]
[github.com/mmistakes/minimal-mistakes/blob/af16afdaf2492f0fa5dd366aa9288ae8f0f4f691/assets/js/_main.html]
[github.com/mmistakes/minimal-mistakes/blob/c19cd2a3911fe90c38cd7a6ec0516ced10dc1e6f/assets/js/_main.html]
[github.com/mmistakes/minimal-mistakes/blob/d5a0a2e585db42bf231340b727741f01ef7db4b5/assets/js/_main.html]
[github.com/mmistakes/minimal-mistakes/blob/f06b4c163d2e51b5a03e55f15d7477bfdf95555e/assets/js/_main.html]
[github.com/mmistakes/minimal-mistakes/blob/d0313bd423335049f72b530ba6a6b089569e511b/assets/js/_main.html]
[github.com/mmistakes/minimal-mistakes/blob/33d5d966f3b7b6bd94e9fab775ce3e9eacead315/assets/js/_main.html]
[github.com/mmistakes/minimal-mistakes/blob/db2981d253534bf2b03b8341e2ee490ffd1dada0/assets/js/_main.html]
[github.com/mmistakes/minimal-mistakes/blob/82e306ebc9927517bc1234cf9ea34f8357227a30/assets/js/_main.html]
[github.com/mmistakes/minimal-mistakes/blob/a472d16bdf1cf1673c99bd319cfff3f8ba812964/assets/js/_main.html]
[github.com/joinc39c.html]
[github.com/logindee8.html]
[github.com/login4c49.html]
[github.githubassets.com/assets/features-cd1e7327a49db85611c6a99c22d033bc.css]
[github.com/join9a0d.html]
[github.com/join_next9a0d.html]
[github.com/login2a66.html]
[github.com/github/roadmap.html]
[github.com/join9490.html]
[github.com/marketplace158b.html]
[github.com/join9094.html]
[github.com/joind086.html]
[github.com/login631e.html]
[github.com/about/careers.html]
[github.com/about/press.html]
[github.com/github.html]
[github.com/site-map.html]
[github.com/git-guides.html]
[github.githubassets.com/assets/mobile-1b104b7e5b641c58045520c04eabddec.css]
[github.com/join5074.html]
[github.com/join_next5074.html]
[github.com/login136c.html]
[github.githubassets.com/assets/feature-actions-6e1d9343eb8153842bfd81080e1d66a2.css]
[github.githubassets.com/assets/feature-codespaces-39b6d450ddaa7f9c76d95a75e0756df9.css]
[github.com/features/codespaces/signup.html]
[github.githubassets.com/assets/feature-packages-82de5a53873d68282a17ca9ce3857c4d.css]
[github.githubassets.com/assets/feature-security-0a2aca09435485f83ee31cfee3631982.css]
[github.com/features/security/index.html]
[github.com/features/security/code.html]
[github.com/features/security/software-supply-chain.html]
[github.githubassets.com/assets/site-legacy-a90823142cf025b37fc5080fd65df18c.css]
[github.com/features/code-review.html]
[github.com/features/project-management.html]
[github.githubassets.com/assets/sponsors-93f336e255e14cbd819da2391914250a.css]
[github.com/joinf1fe.html]
[github.com/join_nextf1fe.html]
[github.com/login600c.html]
[github.com/sponsors/community.html]
[github.com/loginb084.html]
[github.com/mfix22.html]
[github.com/thejonanshow.html]
[github.com/curl.html]
[github.com/sponsors/curl.html]
[github.com/openssl.html]
[github.com/sponsors/openssl.html]
[github.com/swannodette.html]
[github.com/logine8e8.html]
[github.githubassets.com/assets/customer-stories-41ec9918e3481cae45701934b3e6dd9e.css]
[github.com/joinc84c.html]
[github.com/join_nextc84c.html]
[github.com/login5789.html]
[github.com/organizations/enterprise_plan7216.html]
[github.com/customer-stories/homedepot.html]
[github.com/customer-stories/iag.html]
[github.com/customer-stories/hashicorp.html]
[github.com/customer-stories/sap.html]
[github.com/customer-stories1814.html]
[github.com/customer-stories9610.html]
[github.com/customer-stories5ba0.html]
[github.com/customer-stories5b57.html]
[github.com/customer-stories79d6.html]
[github.com/customer-storiesef48.html]
[github.com/customer-stories9f28.html]
[github.com/customer-stories7013.html]
[github.com/customer-storiesaa56.html]
[github.com/customer-storiesddc9.html]
[github.com/customer-storiesab11.html]
[github.com/customer-stories874a.html]
[github.com/customer-stories52ad.html]
[github.com/customer-storiescb36.html]
[github.com/customer-storiese976.html]
[github.com/customer-stories6c6e.html]
[github.com/customer-stories51c6.html]
[github.com/customer-stories1d43.html]
[github.com/customer-storiese510.html]
[github.com/customer-stories33b3.html]
[github.com/customer-storiesc406.html]
[github.com/customer-stories9d5f.html]
[github.com/customer-storiesda2a.html]
[github.com/customer-stories/3m.html]
[github.com/customer-stories/adeo.html]
[github.com/customer-stories/adobe.html]
[github.com/customer-stories/ahold-delhaize.html]
[github.com/customer-stories/american-airlines.html]
[github.com/customer-stories/anaplan.html]
[github.com/customer-stories/arduino.html]
[github.com/customer-stories/autodesk.html]
[github.com/customer-stories/bcg-gamma.html]
